fukushige@Mac ~ % cd /Users/fukushige/test             
fukushige@Mac test % mkdir git_challenge
fukushige@Mac test % cd git_challenge
fukushige@Mac git_challenge % git init
hint: Using 'master' as the name for the initial branch. This default branch name
hint: is subject to change. To configure the initial branch name to use in all
hint: of your new repositories, which will suppress this warning, call:
hint:
hint:   git config --global init.defaultBranch <name>
hint:
hint: Names commonly chosen instead of 'master' are 'main', 'trunk' and
hint: 'development'. The just-created branch can be renamed via this command:
hint:
hint:   git branch -m <name>
hint:
hint: Disable this message with "git config set advice.defaultBranchName false"
Initialized empty Git repository in /Users/fukushige/test/git_challenge/.git/
fukushige@Mac git_challenge % echo ".DS_Store" >> .gitignore 
fukushige@Mac git_challenge % echo "hello,  world\!" >> hello_world.txt
fukushige@Mac git_challenge % git add hello_world.txt
fukushige@Mac git_challenge % git commit -m "hello_world.txtを追加"
[master (root-commit) de4c0bd] hello_world.txtを追加
 1 file changed, 1 insertion(+)
 create mode 100644 hello_world.txt
fukushige@Mac git_challenge % git status 
On branch master
Untracked files:
  (use "git add <file>..." to include in what will be committed)
        .gitignore

nothing added to commit but untracked files present (use "git add" to track)
fukushige@Mac git_challenge % git add .gitignore
fukushige@Mac git_challenge % git commit -m .gitignore
[master 7210db8] .gitignore
 1 file changed, 1 insertion(+)
 create mode 100644 .gitignore
fukushige@Mac git_challenge % git status
On branch master
nothing to commit, working tree clean
fukushige@Mac git_challenge % echo "こんにちは、世界!" >> hello_world.txt
dquote> 
fukushige@Mac git_challenge % echo "こんにちは、世界\!" >> hello_world.txt
fukushige@Mac git_challenge % git add hello_world.txt
fukushige@Mac git_challenge % git commit -m "日本語訳を追加"
[master 38472da] 日本語訳を追加
 1 file changed, 1 insertion(+)
fukushige@Mac git_challenge % git status
On branch master
nothing to commit, working tree clean
fukushige@Mac git_challenge % cd /Users/fukushige/test              
fukushige@Mac test % mkdir kadai_005 